Internal Server Error: /admin/jobs/job/add/
Traceback (most recent call last):
  File "C:\Part-time-Job-Search-And-Management-System\.venv\Lib\site-packages\django\contrib\admin\options.py", line 830, in get_form
    return modelform_factory(self.model, **defaults)
  File "C:\Part-time-Job-Search-And-Management-System\.venv\Lib\site-packages\django\forms\models.py", line 675, in modelform_factory
    return type(form)(class_name, (form,), form_class_attrs)
           ~~~~~~~~~~^^^^^^^^^^^^^^^^^^^^^^^^^^^^^^^^^^^^^^^
  File "C:\Part-time-Job-Search-And-Management-System\.venv\Lib\site-packages\django\forms\models.py", line 336, in __new__
    raise FieldError(message)
django.core.exceptions.FieldError: Unknown field(s) (benefic) specified for Job

During handling of the above exception, another exception occurred:

Traceback (most recent call last):
  File "C:\Part-time-Job-Search-And-Management-System\.venv\Lib\site-packages\django\core\handlers\exception.py", line 55, in inner
    response = get_response(request)
  File "C:\Part-time-Job-Search-And-Management-System\.venv\Lib\site-packages\django\core\handlers\base.py", line 198, in _get_response
    response = wrapped_callback(request, *callback_args, **callback_kwargs)
  File "C:\Part-time-Job-Search-And-Management-System\.venv\Lib\site-packages\django\contrib\admin\options.py", line 710, in wrapper
    return self.admin_site.admin_view(view)(*args, **kwargs)
           ~~~~~~~~~~~~~~~~~~~~~~~~~~~~~~~~^^^^^^^^^^^^^^^^^
  File "C:\Part-time-Job-Search-And-Management-System\.venv\Lib\site-packages\django\utils\decorators.py", line 192, in _view_wrapper
    result = _process_exception(request, e)
  File "C:\Part-time-Job-Search-And-Management-System\.venv\Lib\site-packages\django\utils\decorators.py", line 190, in _view_wrapper
    response = view_func(request, *args, **kwargs)
  File "C:\Part-time-Job-Search-And-Management-System\.venv\Lib\site-packages\django\views\decorators\cache.py", line 80, in _view_wrapper
    response = view_func(request, *args, **kwargs)
  File "C:\Part-time-Job-Search-And-Management-System\.venv\Lib\site-packages\django\contrib\admin\sites.py", line 247, in inner
    return view(request, *args, **kwargs)
  File "C:\Part-time-Job-Search-And-Management-System\.venv\Lib\site-packages\django\contrib\admin\options.py", line 1942, in add_view
    return self.changeform_view(request, None, form_url, extra_context)
           ~~~~~~~~~~~~~~~~~~~~^^^^^^^^^^^^^^^^^^^^^^^^^^^^^^^^^^^^^^^^
  File "C:\Part-time-Job-Search-And-Management-System\.venv\Lib\site-packages\django\utils\decorators.py", line 48, in _wrapper
    return bound_method(*args, **kwargs)
  File "C:\Part-time-Job-Search-And-Management-System\.venv\Lib\site-packages\django\utils\decorators.py", line 192, in _view_wrapper
    result = _process_exception(request, e)
  File "C:\Part-time-Job-Search-And-Management-System\.venv\Lib\site-packages\django\utils\decorators.py", line 190, in _view_wrapper
    response = view_func(request, *args, **kwargs)
  File "C:\Part-time-Job-Search-And-Management-System\.venv\Lib\site-packages\django\contrib\admin\options.py", line 1798, in changeform_view
    return self._changeform_view(request, object_id, form_url, extra_context)
           ~~~~~~~~~~~~~~~~~~~~~^^^^^^^^^^^^^^^^^^^^^^^^^^^^^^^^^^^^^^^^^^^^^
  File "C:\Part-time-Job-Search-And-Management-System\.venv\Lib\site-packages\django\contrib\admin\options.py", line 1836, in _changeform_view
    ModelForm = self.get_form(
        request, obj, change=not add, fields=flatten_fieldsets(fieldsets)
    )
  File "C:\Part-time-Job-Search-And-Management-System\.venv\Lib\site-packages\django\contrib\admin\options.py", line 832, in get_form
    raise FieldError(
    ...<2 lines>...
    )
django.core.exceptions.FieldError: Unknown field(s) (benefic) specified for Job. Check fields/fieldsets/exclude attributes of class JobAdmin.
"GET /admin/jobs/job/add/ HTTP/1.1" 500 155393
Internal Server Error: /jobs/
Traceback (most recent call last):
  File "C:\Part-time-Job-Search-And-Management-System\.venv\Lib\site-packages\django\core\handlers\exception.py", line 55, in inner
    response = get_response(request)
  File "C:\Part-time-Job-Search-And-Management-System\.venv\Lib\site-packages\django\core\handlers\base.py", line 198, in _get_response
    response = wrapped_callback(request, *callback_args, **callback_kwargs)
  File "C:\Part-time-Job-Search-And-Management-System\.venv\Lib\site-packages\django\views\decorators\csrf.py", line 65, in _view_wrapper
    return view_func(request, *args, **kwargs)
  File "C:\Part-time-Job-Search-And-Management-System\.venv\Lib\site-packages\rest_framework\viewsets.py", line 125, in view
    return self.dispatch(request, *args, **kwargs)
           ~~~~~~~~~~~~~^^^^^^^^^^^^^^^^^^^^^^^^^^
  File "C:\Part-time-Job-Search-And-Management-System\.venv\Lib\site-packages\rest_framework\views.py", line 515, in dispatch
    response = self.handle_exception(exc)
  File "C:\Part-time-Job-Search-And-Management-System\.venv\Lib\site-packages\rest_framework\views.py", line 475, in handle_exception
    self.raise_uncaught_exception(exc)
    ~~~~~~~~~~~~~~~~~~~~~~~~~~~~~^^^^^
  File "C:\Part-time-Job-Search-And-Management-System\.venv\Lib\site-packages\rest_framework\views.py", line 486, in raise_uncaught_exception
    raise exc
  File "C:\Part-time-Job-Search-And-Management-System\.venv\Lib\site-packages\rest_framework\views.py", line 512, in dispatch
    response = handler(request, *args, **kwargs)
  File "C:\Part-time-Job-Search-And-Management-System\.venv\Lib\site-packages\rest_framework\mixins.py", line 43, in list
    return self.get_paginated_response(serializer.data)
                                       ^^^^^^^^^^^^^^^
  File "C:\Part-time-Job-Search-And-Management-System\.venv\Lib\site-packages\rest_framework\serializers.py", line 809, in data
    ret = super().data
          ^^^^^^^^^^^^
  File "C:\Part-time-Job-Search-And-Management-System\.venv\Lib\site-packages\rest_framework\serializers.py", line 251, in data
    self._data = self.to_representation(self.instance)
                 ~~~~~~~~~~~~~~~~~~~~~~^^^^^^^^^^^^^^^
  File "C:\Part-time-Job-Search-And-Management-System\.venv\Lib\site-packages\rest_framework\serializers.py", line 728, in to_representation
    self.child.to_representation(item) for item in iterable
    ~~~~~~~~~~~~~~~~~~~~~~~~~~~~^^^^^^
  File "C:\Part-time-Job-Search-And-Management-System\.venv\Lib\site-packages\rest_framework\serializers.py", line 552, in to_representation
    ret[field.field_name] = field.to_representation(attribute)
                            ~~~~~~~~~~~~~~~~~~~~~~~^^^^^^^^^^^
  File "C:\Part-time-Job-Search-And-Management-System\.venv\Lib\site-packages\rest_framework\fields.py", line 1929, in to_representation
    return method(value)
  File "C:\Part-time-Job-Search-And-Management-System\my_part_time_job_hub\jobs\serializers.py", line 80, in get_industry
    return obj.industry.name
           ^^^^^^^^^^^^^^^^^
AttributeError: 'NoneType' object has no attribute 'name'
"GET /jobs/ HTTP/1.1" 500 149184
Internal Server Error: /jobs/
Traceback (most recent call last):
  File "C:\Part-time-Job-Search-And-Management-System\.venv\Lib\site-packages\django\core\handlers\exception.py", line 55, in inner
    response = get_response(request)
  File "C:\Part-time-Job-Search-And-Management-System\.venv\Lib\site-packages\django\core\handlers\base.py", line 198, in _get_response
    response = wrapped_callback(request, *callback_args, **callback_kwargs)
  File "C:\Part-time-Job-Search-And-Management-System\.venv\Lib\site-packages\django\views\decorators\csrf.py", line 65, in _view_wrapper
    return view_func(request, *args, **kwargs)
  File "C:\Part-time-Job-Search-And-Management-System\.venv\Lib\site-packages\rest_framework\viewsets.py", line 125, in view
    return self.dispatch(request, *args, **kwargs)
           ~~~~~~~~~~~~~^^^^^^^^^^^^^^^^^^^^^^^^^^
  File "C:\Part-time-Job-Search-And-Management-System\.venv\Lib\site-packages\rest_framework\views.py", line 515, in dispatch
    response = self.handle_exception(exc)
  File "C:\Part-time-Job-Search-And-Management-System\.venv\Lib\site-packages\rest_framework\views.py", line 475, in handle_exception
    self.raise_uncaught_exception(exc)
    ~~~~~~~~~~~~~~~~~~~~~~~~~~~~~^^^^^
  File "C:\Part-time-Job-Search-And-Management-System\.venv\Lib\site-packages\rest_framework\views.py", line 486, in raise_uncaught_exception
    raise exc
  File "C:\Part-time-Job-Search-And-Management-System\.venv\Lib\site-packages\rest_framework\views.py", line 512, in dispatch
    response = handler(request, *args, **kwargs)
  File "C:\Part-time-Job-Search-And-Management-System\.venv\Lib\site-packages\rest_framework\mixins.py", line 43, in list
    return self.get_paginated_response(serializer.data)
                                       ^^^^^^^^^^^^^^^
  File "C:\Part-time-Job-Search-And-Management-System\.venv\Lib\site-packages\rest_framework\serializers.py", line 809, in data
    ret = super().data
          ^^^^^^^^^^^^
  File "C:\Part-time-Job-Search-And-Management-System\.venv\Lib\site-packages\rest_framework\serializers.py", line 251, in data
    self._data = self.to_representation(self.instance)
                 ~~~~~~~~~~~~~~~~~~~~~~^^^^^^^^^^^^^^^
  File "C:\Part-time-Job-Search-And-Management-System\.venv\Lib\site-packages\rest_framework\serializers.py", line 728, in to_representation
    self.child.to_representation(item) for item in iterable
    ~~~~~~~~~~~~~~~~~~~~~~~~~~~~^^^^^^
  File "C:\Part-time-Job-Search-And-Management-System\.venv\Lib\site-packages\rest_framework\serializers.py", line 552, in to_representation
    ret[field.field_name] = field.to_representation(attribute)
                            ~~~~~~~~~~~~~~~~~~~~~~~^^^^^^^^^^^
  File "C:\Part-time-Job-Search-And-Management-System\.venv\Lib\site-packages\rest_framework\fields.py", line 1929, in to_representation
    return method(value)
  File "C:\Part-time-Job-Search-And-Management-System\my_part_time_job_hub\jobs\serializers.py", line 80, in get_industry
    return obj.industry.name
           ^^^^^^^^^^^^^^^^^
AttributeError: 'NoneType' object has no attribute 'name'
"GET /jobs/ HTTP/1.1" 500 149184
Internal Server Error: /jobs/
Traceback (most recent call last):
  File "C:\Part-time-Job-Search-And-Management-System\.venv\Lib\site-packages\django\core\handlers\exception.py", line 55, in inner
    response = get_response(request)
  File "C:\Part-time-Job-Search-And-Management-System\.venv\Lib\site-packages\django\core\handlers\base.py", line 221, in _get_response
    response = response.render()
  File "C:\Part-time-Job-Search-And-Management-System\.venv\Lib\site-packages\django\template\response.py", line 114, in render
    self.content = self.rendered_content
                   ^^^^^^^^^^^^^^^^^^^^^
  File "C:\Part-time-Job-Search-And-Management-System\.venv\Lib\site-packages\rest_framework\response.py", line 74, in rendered_content
    ret = renderer.render(self.data, accepted_media_type, context)
  File "C:\Part-time-Job-Search-And-Management-System\.venv\Lib\site-packages\rest_framework\renderers.py", line 97, in render
    ret = json.dumps(
        data, cls=self.encoder_class,
        indent=indent, ensure_ascii=self.ensure_ascii,
        allow_nan=not self.strict, separators=separators
    )
  File "C:\Part-time-Job-Search-And-Management-System\.venv\Lib\site-packages\rest_framework\utils\json.py", line 25, in dumps
    return json.dumps(*args, **kwargs)
           ~~~~~~~~~~^^^^^^^^^^^^^^^^^
  File "C:\Users\Khanh An\AppData\Local\Programs\Python\Python313\Lib\json\__init__.py", line 238, in dumps
    **kw).encode(obj)
          ~~~~~~^^^^^
  File "C:\Users\Khanh An\AppData\Local\Programs\Python\Python313\Lib\json\encoder.py", line 200, in encode
    chunks = self.iterencode(o, _one_shot=True)
  File "C:\Users\Khanh An\AppData\Local\Programs\Python\Python313\Lib\json\encoder.py", line 261, in iterencode
    return _iterencode(o, 0)
  File "C:\Part-time-Job-Search-And-Management-System\.venv\Lib\site-packages\rest_framework\utils\encoders.py", line 70, in default
    return super().default(obj)
           ~~~~~~~~~~~~~~~^^^^^
  File "C:\Users\Khanh An\AppData\Local\Programs\Python\Python313\Lib\json\encoder.py", line 180, in default
    raise TypeError(f'Object of type {o.__class__.__name__} '
                    f'is not JSON serializable')
TypeError: Object of type Industry is not JSON serializable
"GET /jobs/ HTTP/1.1" 500 148091
Internal Server Error: /jobs/
Traceback (most recent call last):
  File "C:\Part-time-Job-Search-And-Management-System\.venv\Lib\site-packages\django\core\handlers\exception.py", line 55, in inner
    response = get_response(request)
  File "C:\Part-time-Job-Search-And-Management-System\.venv\Lib\site-packages\django\core\handlers\base.py", line 198, in _get_response
    response = wrapped_callback(request, *callback_args, **callback_kwargs)
  File "C:\Part-time-Job-Search-And-Management-System\.venv\Lib\site-packages\django\views\decorators\csrf.py", line 65, in _view_wrapper
    return view_func(request, *args, **kwargs)
  File "C:\Part-time-Job-Search-And-Management-System\.venv\Lib\site-packages\rest_framework\viewsets.py", line 125, in view
    return self.dispatch(request, *args, **kwargs)
           ~~~~~~~~~~~~~^^^^^^^^^^^^^^^^^^^^^^^^^^
  File "C:\Part-time-Job-Search-And-Management-System\.venv\Lib\site-packages\rest_framework\views.py", line 515, in dispatch
    response = self.handle_exception(exc)
  File "C:\Part-time-Job-Search-And-Management-System\.venv\Lib\site-packages\rest_framework\views.py", line 475, in handle_exception
    self.raise_uncaught_exception(exc)
    ~~~~~~~~~~~~~~~~~~~~~~~~~~~~~^^^^^
  File "C:\Part-time-Job-Search-And-Management-System\.venv\Lib\site-packages\rest_framework\views.py", line 486, in raise_uncaught_exception
    raise exc
  File "C:\Part-time-Job-Search-And-Management-System\.venv\Lib\site-packages\rest_framework\views.py", line 512, in dispatch
    response = handler(request, *args, **kwargs)
  File "C:\Part-time-Job-Search-And-Management-System\.venv\Lib\site-packages\rest_framework\mixins.py", line 43, in list
    return self.get_paginated_response(serializer.data)
                                       ^^^^^^^^^^^^^^^
  File "C:\Part-time-Job-Search-And-Management-System\.venv\Lib\site-packages\rest_framework\serializers.py", line 809, in data
    ret = super().data
          ^^^^^^^^^^^^
  File "C:\Part-time-Job-Search-And-Management-System\.venv\Lib\site-packages\rest_framework\serializers.py", line 251, in data
    self._data = self.to_representation(self.instance)
                 ~~~~~~~~~~~~~~~~~~~~~~^^^^^^^^^^^^^^^
  File "C:\Part-time-Job-Search-And-Management-System\.venv\Lib\site-packages\rest_framework\serializers.py", line 728, in to_representation
    self.child.to_representation(item) for item in iterable
    ~~~~~~~~~~~~~~~~~~~~~~~~~~~~^^^^^^
  File "C:\Part-time-Job-Search-And-Management-System\.venv\Lib\site-packages\rest_framework\serializers.py", line 552, in to_representation
    ret[field.field_name] = field.to_representation(attribute)
                            ~~~~~~~~~~~~~~~~~~~~~~~^^^^^^^^^^^
  File "C:\Part-time-Job-Search-And-Management-System\.venv\Lib\site-packages\rest_framework\fields.py", line 1929, in to_representation
    return method(value)
  File "C:\Part-time-Job-Search-And-Management-System\my_part_time_job_hub\jobs\serializers.py", line 80, in get_industry
    return obj.industry.name
           ^^^^^^^^^^^^^^^^^
AttributeError: 'NoneType' object has no attribute 'name'
"GET /jobs/ HTTP/1.1" 500 149184
